// Jest Snapshot v1, https://goo.gl/fbAQLP

exports[`Todo renders correctly 1`] = `
<Grid
  bsClass="container"
  componentClass="div"
  fluid={false}
>
  <Row
    bsClass="row"
    className="show-grid"
    componentClass="div"
  >
    <Col
      bsClass="col"
      componentClass="div"
      md={8}
    >
      <h2>
        Todo List
      </h2>
    </Col>
    <Col
      bsClass="col"
      componentClass="div"
      md={4}
    >
      <Button
        active={false}
        block={false}
        bsClass="btn"
        bsStyle="primary"
        className="btn btn-primary pull-right spacingTop"
        disabled={false}
        onClick={[Function]}
      >
        New Task
      </Button>
    </Col>
  </Row>
  <Row
    bsClass="row"
    className="show-grid"
    componentClass="div"
  >
    <Col
      bsClass="col"
      componentClass="div"
      md={6}
    >
      <h3
        className="spacing-bottom"
      >
        Incomplete
      </h3>
      <Connect(TodoListContainer)
        isComplete={false}
      />
    </Col>
    <Col
      bsClass="col"
      componentClass="div"
      md={6}
    >
      <h3
        className="spacing-bottom"
      >
        Complete
      </h3>
      <Connect(TodoListContainer)
        isComplete={true}
      />
    </Col>
  </Row>
</Grid>
`;
