// Jest Snapshot v1, https://goo.gl/fbAQLP

exports[`TodoList renders correctly 1`] = `
<ListGroup
  bsClass="list-group"
>
  <TodoItem
    deleteTodo={[Function]}
    key="1"
    todo={
      Object {
        "id": 1,
        "isComplete": false,
        "name": "Something to do 1",
      }
    }
    updateTodo={[Function]}
  />
  <TodoItem
    deleteTodo={[Function]}
    key="2"
    todo={
      Object {
        "id": 2,
        "isComplete": false,
        "name": "Something to do 2",
      }
    }
    updateTodo={[Function]}
  />
</ListGroup>
`;
